app/api/admin/users/[id]/route.ts(12,38): error TS2353: Object literal may only specify known properties, and 'firstName' does not exist in type 'InvitedUserSelect<DefaultArgs>'.
app/api/admin/users/[id]/route.ts(26,7): error TS2353: Object literal may only specify known properties, and 'firstName' does not exist in type '(Without<InvitedUserUpdateInput, InvitedUserUncheckedUpdateInput> & InvitedUserUncheckedUpdateInput) | (Without<...> & InvitedUserUpdateInput)'.
app/api/admin/users/[id]/route.ts(31,38): error TS2353: Object literal may only specify known properties, and 'firstName' does not exist in type 'InvitedUserSelect<DefaultArgs>'.
app/api/movements/[id]/workouts/route.ts(20,25): error TS2353: Object literal may only specify known properties, and 'firstName' does not exist in type 'InvitedUserSelect<DefaultArgs>'.
app/api/profile/avatar/route.ts(16,69): error TS2353: Object literal may only specify known properties, and 'avatarUrl' does not exist in type '(Without<InvitedUserUpdateInput, InvitedUserUncheckedUpdateInput> & InvitedUserUncheckedUpdateInput) | (Without<...> & InvitedUserUpdateInput)'.
app/api/profile/avatar/route.ts(23,69): error TS2353: Object literal may only specify known properties, and 'avatarUrl' does not exist in type '(Without<InvitedUserUpdateInput, InvitedUserUncheckedUpdateInput> & InvitedUserUncheckedUpdateInput) | (Without<...> & InvitedUserUpdateInput)'.
app/api/profile/route.ts(10,21): error TS2339: Property 'firstName' does not exist on type '{ id: string; token: string; status: string; acceptedAt: Date | null; email: string; invitedAt: Date; }'.
app/api/profile/route.ts(11,20): error TS2339: Property 'lastName' does not exist on type '{ id: string; token: string; status: string; acceptedAt: Date | null; email: string; invitedAt: Date; }'.
app/api/profile/route.ts(12,15): error TS2339: Property 'bio' does not exist on type '{ id: string; token: string; status: string; acceptedAt: Date | null; email: string; invitedAt: Date; }'.
app/api/profile/route.ts(13,21): error TS2339: Property 'avatarUrl' does not exist on type '{ id: string; token: string; status: string; acceptedAt: Date | null; email: string; invitedAt: Date; }'.
app/api/profile/route.ts(25,7): error TS2353: Object literal may only specify known properties, and 'firstName' does not exist in type '(Without<InvitedUserUpdateInput, InvitedUserUncheckedUpdateInput> & InvitedUserUncheckedUpdateInput) | (Without<...> & InvitedUserUpdateInput)'.
app/api/profile/route.ts(32,24): error TS2339: Property 'firstName' does not exist on type '{ id: string; token: string; status: string; acceptedAt: Date | null; email: string; invitedAt: Date; }'.
app/api/profile/route.ts(32,53): error TS2339: Property 'lastName' does not exist on type '{ id: string; token: string; status: string; acceptedAt: Date | null; email: string; invitedAt: Date; }'.
app/api/profile/route.ts(33,18): error TS2339: Property 'bio' does not exist on type '{ id: string; token: string; status: string; acceptedAt: Date | null; email: string; invitedAt: Date; }'.
app/api/profile/route.ts(33,42): error TS2339: Property 'avatarUrl' does not exist on type '{ id: string; token: string; status: string; acceptedAt: Date | null; email: string; invitedAt: Date; }'.
app/api/workouts/route.ts(102,9): error TS2561: Object literal may only specify known properties, but 'blockRest' does not exist in type 'Without<WorkoutCreateInput, WorkoutUncheckedCreateInput> & WorkoutUncheckedCreateInput'. Did you mean to write 'blocks'?
app/page.tsx(61,13): error TS2339: Property 'firstName' does not exist on type '{ id: string; token: string; status: string; acceptedAt: Date | null; email: string; invitedAt: Date; }'.
app/page.tsx(109,25): error TS2339: Property 'avatarUrl' does not exist on type '{ id: string; token: string; status: string; acceptedAt: Date | null; email: string; invitedAt: Date; }'.
app/page.tsx(110,38): error TS2339: Property 'avatarUrl' does not exist on type '{ id: string; token: string; status: string; acceptedAt: Date | null; email: string; invitedAt: Date; }'.
app/page.tsx(111,30): error TS2339: Property 'firstName' does not exist on type '{ id: string; token: string; status: string; acceptedAt: Date | null; email: string; invitedAt: Date; }'.
app/page.tsx(111,60): error TS2339: Property 'lastName' does not exist on type '{ id: string; token: string; status: string; acceptedAt: Date | null; email: string; invitedAt: Date; }'.
design-variant/app/api/workouts/route.ts(102,9): error TS2561: Object literal may only specify known properties, but 'blockRest' does not exist in type 'Without<WorkoutCreateInput, WorkoutUncheckedCreateInput> & WorkoutUncheckedCreateInput'. Did you mean to write 'blocks'?
